Executing tasks: [:app:assembleDebug] in project /srv/www/Projekte/Other/DPMIDI

> Task :midi:preBuild UP-TO-DATE
> Task :midi:preDebugBuild UP-TO-DATE
> Task :midi:generateDebugResValues UP-TO-DATE
> Task :app:preBuild UP-TO-DATE
> Task :app:preDebugBuild UP-TO-DATE
> Task :app:mergeDebugNativeDebugMetadata NO-SOURCE
> Task :midi:generateDebugResources UP-TO-DATE
> Task :midi:packageDebugResources UP-TO-DATE
> Task :midi:writeDebugAarMetadata UP-TO-DATE
> Task :midi:extractDeepLinksDebug UP-TO-DATE
> Task :app:dataBindingMergeDependencyArtifactsDebug UP-TO-DATE
> Task :midi:processDebugManifest UP-TO-DATE
> Task :app:generateDebugResValues UP-TO-DATE
> Task :midi:compileDebugLibraryResources UP-TO-DATE
> Task :app:generateDebugResources UP-TO-DATE
> Task :midi:parseDebugLocalResources UP-TO-DATE
> Task :app:mergeDebugResources UP-TO-DATE
> Task :app:dataBindingGenBaseClassesDebug UP-TO-DATE
> Task :app:dataBindingTriggerDebug UP-TO-DATE
> Task :midi:generateDebugRFile UP-TO-DATE
Download https://repo.maven.apache.org/maven2/org/greenrobot/eventbus-annotation-processor/3.3.1/eventbus-annotation-processor-3.3.1.jar, took 230 ms
Download https://repo.maven.apache.org/maven2/com/google/auto/auto-common/0.10/auto-common-0.10.jar, took 323 ms
Download https://repo.maven.apache.org/maven2/commons-codec/commons-codec/1.15/commons-codec-1.15.jar, took 493 ms
Download https://repo.maven.apache.org/maven2/de/greenrobot/java-common/2.3.1/java-common-2.3.1.jar, took 507 ms
Downloading https://dl.google.com/dl/android/maven2/androidx/databinding/databinding-compiler/8.5.2/databinding-compiler-8.5.2.jar (97,39 kB / 0 B)> Task :midi:javaPreCompileDebug UP-TO-DATE
Download https://dl.google.com/dl/android/maven2/androidx/databinding/databinding-compiler/8.5.2/databinding-compiler-8.5.2.jar, took 1 s 160 ms
> Task :app:javaPreCompileDebug UP-TO-DATE
> Task :app:checkDebugAarMetadata UP-TO-DATE
> Task :app:mapDebugSourceSetPaths UP-TO-DATE
> Task :app:createDebugCompatibleScreenManifests UP-TO-DATE
> Task :app:extractDeepLinksDebug UP-TO-DATE
> Task :app:processDebugMainManifest UP-TO-DATE
> Task :app:processDebugManifest UP-TO-DATE
> Task :app:processDebugManifestForPackage UP-TO-DATE
Downloading https://dl.google.com/dl/android/maven2/com/android/tools/build/aapt2/8.5.2-11315950/aapt2-8.5.2-11315950-linux.jar (342,38 kB / 0 B)
> Task :midi:compileDebugJavaWithJavac
Java compiler version 21 has deprecated support for compiling with source/target version 8.
Try one of the following options:
    1. [Recommended] Use Java toolchain with a lower language version
    2. Set a higher source/target version
    3. Use a lower version of the JDK running the build (if you're not using Java toolchain)
For more details on how to configure these settings, see https://developer.android.com/build/jdks.
To suppress this warning, set android.javaCompile.suppressSourceTargetDeprecationWarning=true in gradle.properties.
Warnung: [options] Quellwert 8 ist veraltet und wird in einem zukünftigen Release entfernt
Warnung: [options] Zielwert 8 ist veraltet und wird in einem zukünftigen Release entfernt
Warnung: [options] Verwenden Sie -Xlint:-options, um Warnungen zu veralteten Optionen zu unterdrücken.
/srv/www/Projekte/Other/DPMIDI/midi/src/main/java/com/disappointedpig/midi/MIDISession.java:627: Warnung: [deprecation] getDhcpInfo() in WifiManager ist veraltet
            dhcpInfo=wm.getDhcpInfo();
                       ^
/srv/www/Projekte/Other/DPMIDI/midi/src/main/java/com/disappointedpig/midi/MIDISession.java:646: Warnung: [deprecation] getConnectionInfo() in WifiManager ist veraltet
            byte[] ipbytearray= BigInteger.valueOf(wm.getConnectionInfo().getIpAddress()).toByteArray();
                                                     ^
/srv/www/Projekte/Other/DPMIDI/midi/src/main/java/com/disappointedpig/midi/MIDISession.java:646: Warnung: [deprecation] getIpAddress() in WifiInfo ist veraltet
            byte[] ipbytearray= BigInteger.valueOf(wm.getConnectionInfo().getIpAddress()).toByteArray();
                                                                         ^
/srv/www/Projekte/Other/DPMIDI/midi/src/main/java/com/disappointedpig/midi/MIDISession.java:1127: Warnung: [deprecation] CONNECTIVITY_ACTION in ConnectivityManager ist veraltet
        intentFilter.addAction(ConnectivityManager.CONNECTIVITY_ACTION);
                                                  ^
/srv/www/Projekte/Other/DPMIDI/midi/src/main/java/com/disappointedpig/midi/MIDISession.java:1178: Warnung: [deprecation] getActiveNetworkInfo() in ConnectivityManager ist veraltet
        Log.d(TAG,"isOnline? "+((cm.getActiveNetworkInfo() != null &&
                                   ^
/srv/www/Projekte/Other/DPMIDI/midi/src/main/java/com/disappointedpig/midi/MIDISession.java:1179: Warnung: [deprecation] getActiveNetworkInfo() in ConnectivityManager ist veraltet
                cm.getActiveNetworkInfo().isConnectedOrConnecting()) ? "ON" : "OFF"));
                  ^
/srv/www/Projekte/Other/DPMIDI/midi/src/main/java/com/disappointedpig/midi/MIDISession.java:1179: Warnung: [deprecation] isConnectedOrConnecting() in NetworkInfo ist veraltet
                cm.getActiveNetworkInfo().isConnectedOrConnecting()) ? "ON" : "OFF"));
                                         ^
/srv/www/Projekte/Other/DPMIDI/midi/src/main/java/com/disappointedpig/midi/MIDISession.java:1180: Warnung: [deprecation] getActiveNetworkInfo() in ConnectivityManager ist veraltet
        return cm.getActiveNetworkInfo() != null &&
                 ^
/srv/www/Projekte/Other/DPMIDI/midi/src/main/java/com/disappointedpig/midi/MIDISession.java:1181: Warnung: [deprecation] getActiveNetworkInfo() in ConnectivityManager ist veraltet
                cm.getActiveNetworkInfo().isConnectedOrConnecting();
                  ^
/srv/www/Projekte/Other/DPMIDI/midi/src/main/java/com/disappointedpig/midi/MIDISession.java:1181: Warnung: [deprecation] isConnectedOrConnecting() in NetworkInfo ist veraltet
                cm.getActiveNetworkInfo().isConnectedOrConnecting();
                                         ^
13 Warnungen

> Task :midi:mergeDebugShaders UP-TO-DATE
> Task :midi:compileDebugShaders NO-SOURCE
> Task :midi:generateDebugAssets UP-TO-DATE
> Task :midi:packageDebugAssets UP-TO-DATE
> Task :midi:processDebugJavaRes UP-TO-DATE
> Task :midi:mergeDebugJniLibFolders UP-TO-DATE
> Task :midi:mergeDebugNativeLibs NO-SOURCE
> Task :midi:copyDebugJniLibsProjectOnly UP-TO-DATE
> Task :midi:bundleLibRuntimeToJarDebug
> Task :midi:bundleLibCompileToJarDebug
Download https://dl.google.com/dl/android/maven2/com/android/tools/build/aapt2/8.5.2-11315950/aapt2-8.5.2-11315950-linux.jar, took 1 s 409 ms
> Task :app:processDebugResources UP-TO-DATE

> Task :app:compileDebugJavaWithJavac FAILED
Java compiler version 21 has deprecated support for compiling with source/target version 8.
Try one of the following options:
    1. [Recommended] Use Java toolchain with a lower language version
    2. Set a higher source/target version
    3. Use a lower version of the JDK running the build (if you're not using Java toolchain)
For more details on how to configure these settings, see https://developer.android.com/build/jdks.
To suppress this warning, set android.javaCompile.suppressSourceTargetDeprecationWarning=true in gradle.properties.
Warnung: [options] Quellwert 8 ist veraltet und wird in einem zukünftigen Release entfernt
Warnung: [options] Zielwert 8 ist veraltet und wird in einem zukünftigen Release entfernt
Warnung: [options] Verwenden Sie -Xlint:-options, um Warnungen zu veralteten Optionen zu unterdrücken.
/srv/www/Projekte/Other/DPMIDI/app/src/main/java/com/disappointedpig/dpmidi/MainActivity.java:222: Warnung: [deprecation] startActivityForResult(Intent,int) in ComponentActivity ist veraltet
                startActivityForResult(intent, 1);
                ^
/srv/www/Projekte/Other/DPMIDI/app/src/main/java/com/disappointedpig/dpmidi/DPMIDIForeground.java:29: Warnung: [deprecation] Handler() in Handler ist veraltet
    private Handler handler = new Handler();
                              ^
/srv/www/Projekte/Other/DPMIDI/app/src/main/java/com/disappointedpig/dpmidi/ConnectionManager.java:66: Warnung: [deprecation] WIFI_MODE_FULL_HIGH_PERF in WifiManager ist veraltet
        wifiLock = ((WifiManager) DPMIDIApplication.getAppContext().getApplicationContext().getSystemService(Context.WIFI_SERVICE)).createWifiLock(WifiManager.WIFI_MODE_FULL_HIGH_PERF, "dpmidiWIFILock");
                                                                                                                                                              ^
/srv/www/Projekte/Other/DPMIDI/app/src/main/java/com/disappointedpig/dpmidi/ConnectionManagerService.java:58: Warnung: [deprecation] WIFI_MODE_FULL_HIGH_PERF in WifiManager ist veraltet
        wifiLock = ((WifiManager) DPMIDIApplication.getAppContext().getApplicationContext().getSystemService(Context.WIFI_SERVICE)).createWifiLock(WifiManager.WIFI_MODE_FULL_HIGH_PERF, "stagecaller:WIFILock");
                                                                                                                                                              ^
/srv/www/Projekte/Other/DPMIDI/app/src/main/java/com/disappointedpig/dpmidi/ConnectionManagerService.java:132: Warnung: [deprecation] stopForeground(boolean) in Service ist veraltet
                stopForeground(true);
                ^
/srv/www/Projekte/Other/DPMIDI/app/src/main/java/com/disappointedpig/dpmidi/ConnectionManagerService.java:160: Fehler: Symbol nicht gefunden
        PendingIntent pendingIntent = PendingIntent.getActivity(this, 0, notificationIntent, pendingFlags);
                                                                         ^
  Symbol: Variable notificationIntent
  Ort: Klasse ConnectionManagerService
/srv/www/Projekte/Other/DPMIDI/app/src/main/java/com/disappointedpig/dpmidi/ConnectionManagerService.java:160: Fehler: Symbol nicht gefunden
        PendingIntent pendingIntent = PendingIntent.getActivity(this, 0, notificationIntent, pendingFlags);
                                                                                             ^
  Symbol: Variable pendingFlags
  Ort: Klasse ConnectionManagerService
/srv/www/Projekte/Other/DPMIDI/app/src/main/java/com/disappointedpig/dpmidi/ConnectionManagerService.java:463: Warnung: [deprecation] getDefaultAdapter() in BluetoothAdapter ist veraltet
            mBluetoothAdapter = BluetoothAdapter.getDefaultAdapter();
                                                ^
2 Fehler
9 Warnungen

> Task :app:mergeDebugShaders UP-TO-DATE
> Task :app:compileDebugShaders NO-SOURCE
> Task :app:generateDebugAssets UP-TO-DATE
> Task :app:mergeDebugAssets UP-TO-DATE
> Task :app:compressDebugAssets UP-TO-DATE
> Task :app:checkDebugDuplicateClasses UP-TO-DATE
> Task :app:desugarDebugFileDependencies UP-TO-DATE
> Task :app:mergeDebugStartupProfile UP-TO-DATE
> Task :app:mergeDebugJniLibFolders UP-TO-DATE
> Task :app:mergeDebugNativeLibs UP-TO-DATE
> Task :app:stripDebugDebugSymbols UP-TO-DATE
> Task :app:validateSigningDebug UP-TO-DATE
> Task :app:writeDebugAppMetadata UP-TO-DATE
> Task :app:writeDebugSigningConfigVersions UP-TO-DATE
> Task :app:mergeLibDexDebug
> Task :app:mergeExtDexDebug

FAILURE: Build failed with an exception.

* What went wrong:
Execution failed for task ':app:compileDebugJavaWithJavac'.
> Compilation failed; see the compiler error output for details.

* Try:
> Run with --info option to get more log output.
> Run with --scan to get full insights.

Deprecated Gradle features were used in this build, making it incompatible with Gradle 9.0.

You can use '--warning-mode all' to show the individual deprecation warnings and determine if they come from your own scripts or plugins.

For more on this, please refer to https://docs.gradle.org/8.7/userguide/command_line_interface.html#sec:command_line_warnings in the Gradle documentation.

BUILD FAILED in 18s
48 actionable tasks: 6 executed, 42 up-to-date

